20:09:34 - INFO - ================================================================================
20:09:34 - INFO - REAL SYSTEM FLOW TEST (NO CAMERA)
20:09:34 - INFO - ================================================================================

================================================================================
REAL SYSTEM FLOW TEST
Testing complete attendance workflow without camera hardware
================================================================================

Traceback (most recent call last):
  File "/home/iot/attendance-system/test_real_system_flow.py", line 418, in <module>
    main()
  File "/home/iot/attendance-system/test_real_system_flow.py", line 381, in main
    test = RealSystemFlowTest()
           ^^^^^^^^^^^^^^^^^^^^
  File "/home/iot/attendance-system/test_real_system_flow.py", line 47, in __init__
    self.db = AttendanceDatabase(config)
              ^^^^^^^^^^^^^^^^^^^^^^^^^^
  File "/home/iot/attendance-system/src/database/db_handler.py", line 24, in __init__
    os.makedirs(os.path.dirname(db_path), exist_ok=True)
                ^^^^^^^^^^^^^^^^^^^^^^^^
  File "<frozen posixpath>", line 152, in dirname
TypeError: expected str, bytes or os.PathLike object, not ConfigLoader
